0 11.9096 2.87019
0.1 13.0351 3.22412
0.2 13.9308 3.47905
0.3 14.9469 3.71702
0.4 15.965 4.06659
0.5 16.9234 4.26583
0.6 17.7315 4.51608
0.7 18.603 4.93737
0.8 19.8196 5.16566
0.9 20.3907 5.46711
1 21.3786 5.69019
1.1 22.1138 5.87931
1.2 23.107 6.30839
1.3 23.8869 6.52967
1.4 24.5636 6.77112
1.5 25.5829 7.081
1.6 25.9007 7.20383
1.7 26.8403 7.54449
1.8 27.6842 7.7538
1.9 28.1638 8.00314
2 28.797 8.30986
2.1 29.4391 8.38863
2.2 30.2758 8.78194
2.3 30.8605 9.03808
2.4 31.664 9.38359
2.5 32.1699 9.46898
2.6 32.6346 9.70026
2.7 33.4702 10.2421
2.8 33.7858 10.152
2.9 34.3297 10.4441
3 34.8161 10.5686
3.1 35.2939 10.8841
3.2 36.1393 11.215
3.3 36.6938 11.3312
3.4 37.0855 11.6673
3.5 37.7681 11.8715
3.6 38.0401 12.2956
3.7 38.5014 12.3
3.8 39.2951 12.8441
3.9 39.4828 12.8345
4 40.4301 13.1935
4.1 40.4746 13.4454
4.2 40.6414 13.3733
4.3 41.4826 13.6947
4.4 41.8905 13.8481
4.5 42.3514 14.1223
4.6 42.6282 14.6252
4.7 43.0733 14.6488
4.8 43.2618 14.4582
4.9 43.8563 14.939
5 43.6759 14.995
5.1 44.4092 15.3889
5.2 44.9038 15.5349
5.3 45.305 15.8776
5.4 45.6344 15.9327
5.5 46.105 16.5708
5.6 46.1066 16.5571
5.7 46.8784 16.765
5.8 47.1348 16.7997
5.9 47.5515 17.316
6 47.5823 17.092
6.1 47.8236 17.2046
6.2 48.3556 17.6345
6.3 48.8941 17.8805
6.4 49.0233 17.6782
6.5 49.2338 18.3749
6.6 49.2116 18.2712
6.7 49.5144 18.6067
6.8 49.9791 18.9955
6.9 50.015 18.8048
7 50.8396 19.5718
7.1 50.6715 19.6052
7.2 51.1859 19.9144
7.3 51.673 19.8574
7.4 51.8883 20.0993
7.5 51.9918 19.9784
7.6 52.3153 20.5166
7.7 52.1725 20.3132
7.8 52.5399 20.7848
7.9 52.998 21.0093
8 53.2182 21.034
8.1 53.4326 21.2608
8.2 53.732 21.259
8.3 54.1045 21.6254
8.4 54.0985 21.6282
8.5 54.2533 21.8622
8.6 54.2624 21.8641
8.7 54.4299 22.424
8.8 54.7399 22.416
8.9 55.5488 22.5012
9 54.9691 22.4593
9.1 55.8355 23.0974
9.2 55.6825 22.8029
9.3 55.6441 23.1599
9.4 55.865 23.6446
9.5 56.1772 23.4962
9.6 56.3892 23.8271
9.7 56.9217 24.0044
9.8 56.7547 23.8977
9.9 57.1078 24.2795
10 57.1316 24.6299
